Archive member included because of file (symbol)

c:/program files (x86)/atmel/atmel toolchain/avr8 gcc/native/3.4.1056/avr8-gnu-toolchain/bin/../lib/gcc/avr/4.8.1/avr51\libgcc.a(_exit.o)
                              c:/program files (x86)/atmel/atmel toolchain/avr8 gcc/native/3.4.1056/avr8-gnu-toolchain/bin/../lib/gcc/avr/4.8.1/../../../../avr/lib/avr51/crtm1284.o (exit)
c:/program files (x86)/atmel/atmel toolchain/avr8 gcc/native/3.4.1056/avr8-gnu-toolchain/bin/../lib/gcc/avr/4.8.1/avr51\libgcc.a(_tablejump.o)
                              2nd_final_prj.o (__tablejump2__)
c:/program files (x86)/atmel/atmel toolchain/avr8 gcc/native/3.4.1056/avr8-gnu-toolchain/bin/../lib/gcc/avr/4.8.1/avr51\libgcc.a(_copy_data.o)
                              2nd_final_prj.o (__do_copy_data)
c:/program files (x86)/atmel/atmel toolchain/avr8 gcc/native/3.4.1056/avr8-gnu-toolchain/bin/../lib/gcc/avr/4.8.1/avr51\libgcc.a(_clear_bss.o)
                              2nd_final_prj.o (__do_clear_bss)

Allocating common symbols
Common symbol       size              file

Press_sec_level     0x1               2nd_final_prj.o
SM3_State           0x1               2nd_final_prj.o
SM4_States          0x1               2nd_final_prj.o
x                   0x1               2nd_final_prj.o
Press_fourth_level  0x1               2nd_final_prj.o
SM2_States          0x1               2nd_final_prj.o
SM1_State           0x1               2nd_final_prj.o
Press_third_level   0x1               2nd_final_prj.o
SM5_States          0x1               2nd_final_prj.o
Press_fifth_level   0x1               2nd_final_prj.o
time                0x1               2nd_final_prj.o
Press_States        0x1               2nd_final_prj.o

Discarded input sections

 .bss           0x00000000        0x0 c:/program files (x86)/atmel/atmel toolchain/avr8 gcc/native/3.4.1056/avr8-gnu-toolchain/bin/../lib/gcc/avr/4.8.1/../../../../avr/lib/avr51/crtm1284.o
 .text          0x00000000        0x0 2nd_final_prj.o
 .bss           0x00000000        0x0 2nd_final_prj.o
 .text.delay_ms
                0x00000000       0x2e 2nd_final_prj.o
 .text.LCD_WriteCommand
                0x00000000       0x14 2nd_final_prj.o
 .text.LCD_ClearScreen
                0x00000000        0xa 2nd_final_prj.o
 .text.LCD_Cursor
                0x00000000       0x14 2nd_final_prj.o
 .text.LCD_init
                0x00000000       0x32 2nd_final_prj.o
 .text.LCD_WriteData
                0x00000000       0x14 2nd_final_prj.o
 .text.LCD_DisplayString
                0x00000000       0x3c 2nd_final_prj.o
 .text.TimerOff
                0x00000000        0x6 2nd_final_prj.o
 .text.TimerISR
                0x00000000        0x8 2nd_final_prj.o
 .text.TimerSet
                0x00000000       0x22 2nd_final_prj.o
 .bss.var2      0x00000000        0x1 2nd_final_prj.o
 .bss.var       0x00000000        0x1 2nd_final_prj.o
 .text          0x00000000        0x0 c:/program files (x86)/atmel/atmel toolchain/avr8 gcc/native/3.4.1056/avr8-gnu-toolchain/bin/../lib/gcc/avr/4.8.1/avr51\libgcc.a(_exit.o)
 .bss           0x00000000        0x0 c:/program files (x86)/atmel/atmel toolchain/avr8 gcc/native/3.4.1056/avr8-gnu-toolchain/bin/../lib/gcc/avr/4.8.1/avr51\libgcc.a(_exit.o)
 .text.libgcc.mul
                0x00000000        0x0 c:/program files (x86)/atmel/atmel toolchain/avr8 gcc/native/3.4.1056/avr8-gnu-toolchain/bin/../lib/gcc/avr/4.8.1/avr51\libgcc.a(_exit.o)
 .text.libgcc.div
                0x00000000        0x0 c:/program files (x86)/atmel/atmel toolchain/avr8 gcc/native/3.4.1056/avr8-gnu-toolchain/bin/../lib/gcc/avr/4.8.1/avr51\libgcc.a(_exit.o)
 .text.libgcc   0x00000000        0x0 c:/program files (x86)/atmel/atmel toolchain/avr8 gcc/native/3.4.1056/avr8-gnu-toolchain/bin/../lib/gcc/avr/4.8.1/avr51\libgcc.a(_exit.o)
 .text.libgcc.prologue
                0x00000000        0x0 c:/program files (x86)/atmel/atmel toolchain/avr8 gcc/native/3.4.1056/avr8-gnu-toolchain/bin/../lib/gcc/avr/4.8.1/avr51\libgcc.a(_exit.o)
 .text.libgcc.builtins
                0x00000000        0x0 c:/program files (x86)/atmel/atmel toolchain/avr8 gcc/native/3.4.1056/avr8-gnu-toolchain/bin/../lib/gcc/avr/4.8.1/avr51\libgcc.a(_exit.o)
 .text.libgcc.fmul
                0x00000000        0x0 c:/program files (x86)/atmel/atmel toolchain/avr8 gcc/native/3.4.1056/avr8-gnu-toolchain/bin/../lib/gcc/avr/4.8.1/avr51\libgcc.a(_exit.o)
 .text.libgcc.fixed
                0x00000000        0x0 c:/program files (x86)/atmel/atmel toolchain/avr8 gcc/native/3.4.1056/avr8-gnu-toolchain/bin/../lib/gcc/avr/4.8.1/avr51\libgcc.a(_exit.o)
 .text          0x00000000        0x0 c:/program files (x86)/atmel/atmel toolchain/avr8 gcc/native/3.4.1056/avr8-gnu-toolchain/bin/../lib/gcc/avr/4.8.1/avr51\libgcc.a(_tablejump.o)
 .bss           0x00000000        0x0 c:/program files (x86)/atmel/atmel toolchain/avr8 gcc/native/3.4.1056/avr8-gnu-toolchain/bin/../lib/gcc/avr/4.8.1/avr51\libgcc.a(_tablejump.o)
 .text.libgcc.mul
                0x00000000        0x0 c:/program files (x86)/atmel/atmel toolchain/avr8 gcc/native/3.4.1056/avr8-gnu-toolchain/bin/../lib/gcc/avr/4.8.1/avr51\libgcc.a(_tablejump.o)
 .text.libgcc.div
                0x00000000        0x0 c:/program files (x86)/atmel/atmel toolchain/avr8 gcc/native/3.4.1056/avr8-gnu-toolchain/bin/../lib/gcc/avr/4.8.1/avr51\libgcc.a(_tablejump.o)
 .text.libgcc.prologue
                0x00000000        0x0 c:/program files (x86)/atmel/atmel toolchain/avr8 gcc/native/3.4.1056/avr8-gnu-toolchain/bin/../lib/gcc/avr/4.8.1/avr51\libgcc.a(_tablejump.o)
 .text.libgcc.builtins
                0x00000000        0x0 c:/program files (x86)/atmel/atmel toolchain/avr8 gcc/native/3.4.1056/avr8-gnu-toolchain/bin/../lib/gcc/avr/4.8.1/avr51\libgcc.a(_tablejump.o)
 .text.libgcc.fmul
                0x00000000        0x0 c:/program files (x86)/atmel/atmel toolchain/avr8 gcc/native/3.4.1056/avr8-gnu-toolchain/bin/../lib/gcc/avr/4.8.1/avr51\libgcc.a(_tablejump.o)
 .text.libgcc.fixed
                0x00000000        0x0 c:/program files (x86)/atmel/atmel toolchain/avr8 gcc/native/3.4.1056/avr8-gnu-toolchain/bin/../lib/gcc/avr/4.8.1/avr51\libgcc.a(_tablejump.o)
 .text          0x00000000        0x0 c:/program files (x86)/atmel/atmel toolchain/avr8 gcc/native/3.4.1056/avr8-gnu-toolchain/bin/../lib/gcc/avr/4.8.1/avr51\libgcc.a(_copy_data.o)
 .bss           0x00000000        0x0 c:/program files (x86)/atmel/atmel toolchain/avr8 gcc/native/3.4.1056/avr8-gnu-toolchain/bin/../lib/gcc/avr/4.8.1/avr51\libgcc.a(_copy_data.o)
 .text.libgcc.mul
                0x00000000        0x0 c:/program files (x86)/atmel/atmel toolchain/avr8 gcc/native/3.4.1056/avr8-gnu-toolchain/bin/../lib/gcc/avr/4.8.1/avr51\libgcc.a(_copy_data.o)
 .text.libgcc.div
                0x00000000        0x0 c:/program files (x86)/atmel/atmel toolchain/avr8 gcc/native/3.4.1056/avr8-gnu-toolchain/bin/../lib/gcc/avr/4.8.1/avr51\libgcc.a(_copy_data.o)
 .text.libgcc   0x00000000        0x0 c:/program files (x86)/atmel/atmel toolchain/avr8 gcc/native/3.4.1056/avr8-gnu-toolchain/bin/../lib/gcc/avr/4.8.1/avr51\libgcc.a(_copy_data.o)
 .text.libgcc.prologue
                0x00000000        0x0 c:/program files (x86)/atmel/atmel toolchain/avr8 gcc/native/3.4.1056/avr8-gnu-toolchain/bin/../lib/gcc/avr/4.8.1/avr51\libgcc.a(_copy_data.o)
 .text.libgcc.builtins
                0x00000000        0x0 c:/program files (x86)/atmel/atmel toolchain/avr8 gcc/native/3.4.1056/avr8-gnu-toolchain/bin/../lib/gcc/avr/4.8.1/avr51\libgcc.a(_copy_data.o)
 .text.libgcc.fmul
                0x00000000        0x0 c:/program files (x86)/atmel/atmel toolchain/avr8 gcc/native/3.4.1056/avr8-gnu-toolchain/bin/../lib/gcc/avr/4.8.1/avr51\libgcc.a(_copy_data.o)
 .text.libgcc.fixed
                0x00000000        0x0 c:/program files (x86)/atmel/atmel toolchain/avr8 gcc/native/3.4.1056/avr8-gnu-toolchain/bin/../lib/gcc/avr/4.8.1/avr51\libgcc.a(_copy_data.o)
 .text          0x00000000        0x0 c:/program files (x86)/atmel/atmel toolchain/avr8 gcc/native/3.4.1056/avr8-gnu-toolchain/bin/../lib/gcc/avr/4.8.1/avr51\libgcc.a(_clear_bss.o)
 .bss           0x00000000        0x0 c:/program files (x86)/atmel/atmel toolchain/avr8 gcc/native/3.4.1056/avr8-gnu-toolchain/bin/../lib/gcc/avr/4.8.1/avr51\libgcc.a(_clear_bss.o)
 .text.libgcc.mul
                0x00000000        0x0 c:/program files (x86)/atmel/atmel toolchain/avr8 gcc/native/3.4.1056/avr8-gnu-toolchain/bin/../lib/gcc/avr/4.8.1/avr51\libgcc.a(_clear_bss.o)
 .text.libgcc.div
                0x00000000        0x0 c:/program files (x86)/atmel/atmel toolchain/avr8 gcc/native/3.4.1056/avr8-gnu-toolchain/bin/../lib/gcc/avr/4.8.1/avr51\libgcc.a(_clear_bss.o)
 .text.libgcc   0x00000000        0x0 c:/program files (x86)/atmel/atmel toolchain/avr8 gcc/native/3.4.1056/avr8-gnu-toolchain/bin/../lib/gcc/avr/4.8.1/avr51\libgcc.a(_clear_bss.o)
 .text.libgcc.prologue
                0x00000000        0x0 c:/program files (x86)/atmel/atmel toolchain/avr8 gcc/native/3.4.1056/avr8-gnu-toolchain/bin/../lib/gcc/avr/4.8.1/avr51\libgcc.a(_clear_bss.o)
 .text.libgcc.builtins
                0x00000000        0x0 c:/program files (x86)/atmel/atmel toolchain/avr8 gcc/native/3.4.1056/avr8-gnu-toolchain/bin/../lib/gcc/avr/4.8.1/avr51\libgcc.a(_clear_bss.o)
 .text.libgcc.fmul
                0x00000000        0x0 c:/program files (x86)/atmel/atmel toolchain/avr8 gcc/native/3.4.1056/avr8-gnu-toolchain/bin/../lib/gcc/avr/4.8.1/avr51\libgcc.a(_clear_bss.o)
 .text.libgcc.fixed
                0x00000000        0x0 c:/program files (x86)/atmel/atmel toolchain/avr8 gcc/native/3.4.1056/avr8-gnu-toolchain/bin/../lib/gcc/avr/4.8.1/avr51\libgcc.a(_clear_bss.o)

Memory Configuration

Name             Origin             Length             Attributes
text             0x00000000         0x00020000         xr
data             0x00800100         0x0000ff00         rw !x
eeprom           0x00810000         0x00010000         rw !x
fuse             0x00820000         0x00000400         rw !x
lock             0x00830000         0x00000400         rw !x
signature        0x00840000         0x00000400         rw !x
user_signatures  0x00850000         0x00000400         rw !x
*default*        0x00000000         0xffffffff

Linker script and memory map

Address of section .data set to 0x800100
LOAD c:/program files (x86)/atmel/atmel toolchain/avr8 gcc/native/3.4.1056/avr8-gnu-toolchain/bin/../lib/gcc/avr/4.8.1/../../../../avr/lib/avr51/crtm1284.o
LOAD 2nd_final_prj.o
START GROUP
LOAD c:/program files (x86)/atmel/atmel toolchain/avr8 gcc/native/3.4.1056/avr8-gnu-toolchain/bin/../lib/gcc/avr/4.8.1/../../../../avr/lib/avr51\libm.a
END GROUP
START GROUP
LOAD c:/program files (x86)/atmel/atmel toolchain/avr8 gcc/native/3.4.1056/avr8-gnu-toolchain/bin/../lib/gcc/avr/4.8.1/avr51\libgcc.a
LOAD c:/program files (x86)/atmel/atmel toolchain/avr8 gcc/native/3.4.1056/avr8-gnu-toolchain/bin/../lib/gcc/avr/4.8.1/../../../../avr/lib/avr51\libm.a
LOAD c:/program files (x86)/atmel/atmel toolchain/avr8 gcc/native/3.4.1056/avr8-gnu-toolchain/bin/../lib/gcc/avr/4.8.1/../../../../avr/lib/avr51\libc.a
END GROUP

.hash
 *(.hash)

.dynsym
 *(.dynsym)

.dynstr
 *(.dynstr)

.gnu.version
 *(.gnu.version)

.gnu.version_d
 *(.gnu.version_d)

.gnu.version_r
 *(.gnu.version_r)

.rel.init
 *(.rel.init)

.rela.init
 *(.rela.init)

.rel.text
 *(.rel.text)
 *(.rel.text.*)
 *(.rel.gnu.linkonce.t*)

.rela.text
 *(.rela.text)
 *(.rela.text.*)
 *(.rela.gnu.linkonce.t*)

.rel.fini
 *(.rel.fini)

.rela.fini
 *(.rela.fini)

.rel.rodata
 *(.rel.rodata)
 *(.rel.rodata.*)
 *(.rel.gnu.linkonce.r*)

.rela.rodata
 *(.rela.rodata)
 *(.rela.rodata.*)
 *(.rela.gnu.linkonce.r*)

.rel.data
 *(.rel.data)
 *(.rel.data.*)
 *(.rel.gnu.linkonce.d*)

.rela.data
 *(.rela.data)
 *(.rela.data.*)
 *(.rela.gnu.linkonce.d*)

.rel.ctors
 *(.rel.ctors)

.rela.ctors
 *(.rela.ctors)

.rel.dtors
 *(.rel.dtors)

.rela.dtors
 *(.rela.dtors)

.rel.got
 *(.rel.got)

.rela.got
 *(.rela.got)

.rel.bss
 *(.rel.bss)

.rela.bss
 *(.rela.bss)

.rel.plt
 *(.rel.plt)

.rela.plt
 *(.rela.plt)

.text           0x00000000     0x1b48
 *(.vectors)
 .vectors       0x00000000       0x8c c:/program files (x86)/atmel/atmel toolchain/avr8 gcc/native/3.4.1056/avr8-gnu-toolchain/bin/../lib/gcc/avr/4.8.1/../../../../avr/lib/avr51/crtm1284.o
                0x00000000                __vector_default
                0x00000000                __vectors
 *(.vectors)
 *(.progmem.gcc*)
 .progmem.gcc_sw_table.TickFct_Machine2
                0x0000008c       0x1c 2nd_final_prj.o
 .progmem.gcc_sw_table.ButtonPress2
                0x000000a8       0x1e 2nd_final_prj.o
 .progmem.gcc_sw_table.TickFct_Machine3
                0x000000c6       0x28 2nd_final_prj.o
 .progmem.gcc_sw_table.ButtonPress3
                0x000000ee       0x2c 2nd_final_prj.o
 .progmem.gcc_sw_table.TickFct_Machine4
                0x0000011a       0x34 2nd_final_prj.o
 .progmem.gcc_sw_table.ButtonPress4
                0x0000014e       0x38 2nd_final_prj.o
 .progmem.gcc_sw_table.TickFct_Machine5
                0x00000186       0x40 2nd_final_prj.o
 .progmem.gcc_sw_table.ButtonPress5
                0x000001c6       0x44 2nd_final_prj.o
                0x0000020a                . = ALIGN (0x2)
                0x0000020a                __trampolines_start = .
 *(.trampolines)
 .trampolines   0x0000020a        0x0 linker stubs
 *(.trampolines*)
                0x0000020a                __trampolines_end = .
 *(.progmem*)
                0x0000020a                . = ALIGN (0x2)
 *(.jumptables)
 *(.jumptables*)
 *(.lowtext)
 *(.lowtext*)
                0x0000020a                __ctors_start = .
 *(.ctors)
                0x0000020a                __ctors_end = .
                0x0000020a                __dtors_start = .
 *(.dtors)
                0x0000020a                __dtors_end = .
 SORT(*)(.ctors)
 SORT(*)(.dtors)
 *(.init0)
 .init0         0x0000020a        0x0 c:/program files (x86)/atmel/atmel toolchain/avr8 gcc/native/3.4.1056/avr8-gnu-toolchain/bin/../lib/gcc/avr/4.8.1/../../../../avr/lib/avr51/crtm1284.o
                0x0000020a                __init
 *(.init0)
 *(.init1)
 *(.init1)
 *(.init2)
 .init2         0x0000020a        0xc c:/program files (x86)/atmel/atmel toolchain/avr8 gcc/native/3.4.1056/avr8-gnu-toolchain/bin/../lib/gcc/avr/4.8.1/../../../../avr/lib/avr51/crtm1284.o
 *(.init2)
 *(.init3)
 *(.init3)
 *(.init4)
 .init4         0x00000216       0x1a c:/program files (x86)/atmel/atmel toolchain/avr8 gcc/native/3.4.1056/avr8-gnu-toolchain/bin/../lib/gcc/avr/4.8.1/avr51\libgcc.a(_copy_data.o)
                0x00000216                __do_copy_data
 .init4         0x00000230       0x10 c:/program files (x86)/atmel/atmel toolchain/avr8 gcc/native/3.4.1056/avr8-gnu-toolchain/bin/../lib/gcc/avr/4.8.1/avr51\libgcc.a(_clear_bss.o)
                0x00000230                __do_clear_bss
 *(.init4)
 *(.init5)
 *(.init5)
 *(.init6)
 *(.init6)
 *(.init7)
 *(.init7)
 *(.init8)
 *(.init8)
 *(.init9)
 .init9         0x00000240        0x8 c:/program files (x86)/atmel/atmel toolchain/avr8 gcc/native/3.4.1056/avr8-gnu-toolchain/bin/../lib/gcc/avr/4.8.1/../../../../avr/lib/avr51/crtm1284.o
 *(.init9)
 *(.text)
 .text          0x00000248        0x2 c:/program files (x86)/atmel/atmel toolchain/avr8 gcc/native/3.4.1056/avr8-gnu-toolchain/bin/../lib/gcc/avr/4.8.1/../../../../avr/lib/avr51/crtm1284.o
                0x00000248                __vector_22
                0x00000248                __vector_28
                0x00000248                __vector_1
                0x00000248                __vector_32
                0x00000248                __vector_34
                0x00000248                __vector_24
                0x00000248                __vector_12
                0x00000248                __bad_interrupt
                0x00000248                __vector_6
                0x00000248                __vector_31
                0x00000248                __vector_3
                0x00000248                __vector_23
                0x00000248                __vector_30
                0x00000248                __vector_25
                0x00000248                __vector_11
                0x00000248                __vector_17
                0x00000248                __vector_19
                0x00000248                __vector_7
                0x00000248                __vector_27
                0x00000248                __vector_5
                0x00000248                __vector_33
                0x00000248                __vector_4
                0x00000248                __vector_9
                0x00000248                __vector_2
                0x00000248                __vector_21
                0x00000248                __vector_15
                0x00000248                __vector_29
                0x00000248                __vector_8
                0x00000248                __vector_26
                0x00000248                __vector_14
                0x00000248                __vector_10
                0x00000248                __vector_16
                0x00000248                __vector_18
                0x00000248                __vector_20
                0x0000024a                . = ALIGN (0x2)
 *(.text.*)
 .text.TimerOn  0x0000024a       0x48 2nd_final_prj.o
                0x0000024a                TimerOn
 .text.__vector_13
                0x00000292       0x78 2nd_final_prj.o
                0x00000292                __vector_13
 .text.transmit_data
                0x0000030a       0x3a 2nd_final_prj.o
                0x0000030a                transmit_data
 .text.simon_SevenSeg
                0x00000344       0x54 2nd_final_prj.o
                0x00000344                simon_SevenSeg
 .text.TickFct_State_machine_1
                0x00000398       0x96 2nd_final_prj.o
                0x00000398                TickFct_State_machine_1
 .text.ButtonPress
                0x0000042e      0x1be 2nd_final_prj.o
                0x0000042e                ButtonPress
 .text.TickFct_Machine2
                0x000005ec       0xa8 2nd_final_prj.o
                0x000005ec                TickFct_Machine2
 .text.ButtonPress2
                0x00000694      0x22c 2nd_final_prj.o
                0x00000694                ButtonPress2
 .text.TickFct_Machine3
                0x000008c0       0xca 2nd_final_prj.o
                0x000008c0                TickFct_Machine3
 .text.ButtonPress3
                0x0000098a      0x324 2nd_final_prj.o
                0x0000098a                ButtonPress3
 .text.TickFct_Machine4
                0x00000cae       0xf4 2nd_final_prj.o
                0x00000cae                TickFct_Machine4
 .text.ButtonPress4
                0x00000da2      0x406 2nd_final_prj.o
                0x00000da2                ButtonPress4
 .text.TickFct_Machine5
                0x000011a8      0x11e 2nd_final_prj.o
                0x000011a8                TickFct_Machine5
 .text.ButtonPress5
                0x000012c6      0x51c 2nd_final_prj.o
                0x000012c6                ButtonPress5
 .text.main     0x000017e2      0x356 2nd_final_prj.o
                0x000017e2                main
 .text.libgcc   0x00001b38        0xc c:/program files (x86)/atmel/atmel toolchain/avr8 gcc/native/3.4.1056/avr8-gnu-toolchain/bin/../lib/gcc/avr/4.8.1/avr51\libgcc.a(_tablejump.o)
                0x00001b38                __tablejump2__
                0x00001b3c                __tablejump__
                0x00001b44                . = ALIGN (0x2)
 *(.fini9)
 .fini9         0x00001b44        0x0 c:/program files (x86)/atmel/atmel toolchain/avr8 gcc/native/3.4.1056/avr8-gnu-toolchain/bin/../lib/gcc/avr/4.8.1/avr51\libgcc.a(_exit.o)
                0x00001b44                _exit
                0x00001b44                exit
 *(.fini9)
 *(.fini8)
 *(.fini8)
 *(.fini7)
 *(.fini7)
 *(.fini6)
 *(.fini6)
 *(.fini5)
 *(.fini5)
 *(.fini4)
 *(.fini4)
 *(.fini3)
 *(.fini3)
 *(.fini2)
 *(.fini2)
 *(.fini1)
 *(.fini1)
 *(.fini0)
 .fini0         0x00001b44        0x4 c:/program files (x86)/atmel/atmel toolchain/avr8 gcc/native/3.4.1056/avr8-gnu-toolchain/bin/../lib/gcc/avr/4.8.1/avr51\libgcc.a(_exit.o)
 *(.fini0)
                0x00001b48                _etext = .

.data           0x00800100        0x6 load address 0x00001b48
                0x00800100                PROVIDE (__data_start, .)
 *(.data)
 .data          0x00800100        0x0 c:/program files (x86)/atmel/atmel toolchain/avr8 gcc/native/3.4.1056/avr8-gnu-toolchain/bin/../lib/gcc/avr/4.8.1/../../../../avr/lib/avr51/crtm1284.o
 .data          0x00800100        0x0 2nd_final_prj.o
 .data          0x00800100        0x0 c:/program files (x86)/atmel/atmel toolchain/avr8 gcc/native/3.4.1056/avr8-gnu-toolchain/bin/../lib/gcc/avr/4.8.1/avr51\libgcc.a(_exit.o)
 .data          0x00800100        0x0 c:/program files (x86)/atmel/atmel toolchain/avr8 gcc/native/3.4.1056/avr8-gnu-toolchain/bin/../lib/gcc/avr/4.8.1/avr51\libgcc.a(_tablejump.o)
 .data          0x00800100        0x0 c:/program files (x86)/atmel/atmel toolchain/avr8 gcc/native/3.4.1056/avr8-gnu-toolchain/bin/../lib/gcc/avr/4.8.1/avr51\libgcc.a(_copy_data.o)
 .data          0x00800100        0x0 c:/program files (x86)/atmel/atmel toolchain/avr8 gcc/native/3.4.1056/avr8-gnu-toolchain/bin/../lib/gcc/avr/4.8.1/avr51\libgcc.a(_clear_bss.o)
 *(.data*)
 .data.lives    0x00800100        0x1 2nd_final_prj.o
                0x00800100                lives
 .data._avr_timer_M
                0x00800101        0x4 2nd_final_prj.o
                0x00800101                _avr_timer_M
 *(.rodata)
 *(.rodata*)
 *(.gnu.linkonce.d*)
                0x00800106                . = ALIGN (0x2)
 *fill*         0x00800105        0x1 
                0x00800106                _edata = .
                0x00800106                PROVIDE (__data_end, .)

.bss            0x00800106       0x12
                0x00800106                PROVIDE (__bss_start, .)
 *(.bss)
 *(.bss*)
 .bss.global_g  0x00800106        0x1 2nd_final_prj.o
                0x00800106                global_g
 .bss._avr_timer_cntcurr
                0x00800107        0x4 2nd_final_prj.o
                0x00800107                _avr_timer_cntcurr
 .bss.TimerFlag
                0x0080010b        0x1 2nd_final_prj.o
                0x0080010b                TimerFlag
 *(COMMON)
 COMMON         0x0080010c        0xc 2nd_final_prj.o
                0x0080010c                Press_sec_level
                0x0080010d                SM3_State
                0x0080010e                SM4_States
                0x0080010f                x
                0x00800110                Press_fourth_level
                0x00800111                SM2_States
                0x00800112                SM1_State
                0x00800113                Press_third_level
                0x00800114                SM5_States
                0x00800115                Press_fifth_level
                0x00800116                time
                0x00800117                Press_States
                0x00800118                PROVIDE (__bss_end, .)
                0x00001b48                __data_load_start = LOADADDR (.data)
                0x00001b4e                __data_load_end = (__data_load_start + SIZEOF (.data))

.noinit         0x00800118        0x0
                0x00800118                PROVIDE (__noinit_start, .)
 *(.noinit*)
                0x00800118                PROVIDE (__noinit_end, .)
                0x00800118                _end = .
                0x00800118                PROVIDE (__heap_start, .)

.eeprom         0x00810000        0x0
 *(.eeprom*)
                0x00810000                __eeprom_end = .

.fuse
 *(.fuse)
 *(.lfuse)
 *(.hfuse)
 *(.efuse)

.lock
 *(.lock*)

.signature
 *(.signature*)

.user_signatures
 *(.user_signatures*)

.stab
 *(.stab)

.stabstr
 *(.stabstr)

.stab.excl
 *(.stab.excl)

.stab.exclstr
 *(.stab.exclstr)

.stab.index
 *(.stab.index)

.stab.indexstr
 *(.stab.indexstr)

.comment        0x00000000       0x30
 *(.comment)
 .comment       0x00000000       0x30 2nd_final_prj.o
                                 0x31 (size before relaxing)

.note.gnu.build-id
 *(.note.gnu.build-id)

.debug
 *(.debug)

.line
 *(.line)

.debug_srcinfo
 *(.debug_srcinfo)

.debug_sfnames
 *(.debug_sfnames)

.debug_aranges  0x00000000       0xe0
 *(.debug_aranges)
 .debug_aranges
                0x00000000       0xe0 2nd_final_prj.o

.debug_pubnames
 *(.debug_pubnames)

.debug_info     0x00000000      0xff1
 *(.debug_info .gnu.linkonce.wi.*)
 .debug_info    0x00000000      0xff1 2nd_final_prj.o

.debug_abbrev   0x00000000      0x28a
 *(.debug_abbrev)
 .debug_abbrev  0x00000000      0x28a 2nd_final_prj.o

.debug_line     0x00000000     0x1b65
 *(.debug_line .debug_line.* .debug_line_end)
 .debug_line    0x00000000     0x1b65 2nd_final_prj.o

.debug_frame    0x00000000      0x1ec
 *(.debug_frame)
 .debug_frame   0x00000000      0x1ec 2nd_final_prj.o

.debug_str      0x00000000      0x800
 *(.debug_str)
 .debug_str     0x00000000      0x800 2nd_final_prj.o
                                0x860 (size before relaxing)

.debug_loc      0x00000000      0x4f5
 *(.debug_loc)
 .debug_loc     0x00000000      0x4f5 2nd_final_prj.o

.debug_macinfo
 *(.debug_macinfo)

.debug_weaknames
 *(.debug_weaknames)

.debug_funcnames
 *(.debug_funcnames)

.debug_typenames
 *(.debug_typenames)

.debug_varnames
 *(.debug_varnames)

.debug_pubtypes
 *(.debug_pubtypes)

.debug_ranges   0x00000000       0xe8
 *(.debug_ranges)
 .debug_ranges  0x00000000       0xe8 2nd_final_prj.o

.debug_macro
 *(.debug_macro)
OUTPUT(2nd_final_prj.elf elf32-avr)
LOAD linker stubs
